RAM Allocation [bytes]
Variable                                                                          Address   Size
------------------------------------------------------------------------------------------------

EEPROM Allocation [bytes]
Variable                                                                          Address   Size
------------------------------------------------------------------------------------------------

Register Allocation
Variable                                                                          Register  Size
------------------------------------------------------------------------------------------------

FLASH Allocation [words]
Function                                                                          Address   Size
------------------------------------------------------------------------------------------------
main                                                                              0x0009B     20
ic_test                                                                           0x000AF     49
ic74153                                                                           0x000E0    147
ic74155                                                                           0x00173     55
ic74156                                                                           0x001AA     60
ic74157                                                                           0x001E6     75
ic74158                                                                           0x00231     79
ic74154                                                                           0x00280    154
putchar                                                                           0x0031A      7
puts                                                                              0x00321     17
